snake my_func: 1
snake hello: 1
snake _private: 1
snake has123: 1
snake BadName: 0
snake UPPER: 0
upper MAX_SIZE: 1
upper FOO: 1
upper A123: 1
upper lower: 0
upper Mixed: 0
pascal MyStruct: 1
pascal Node: 1
pascal Vec3d: 1
pascal lowercase: 0
pascal _private: 0
fn do_stuff: 1
fn BadFunc: 0
const MAX_LEN: 1
const notConst: 0
struct MyType: 1
struct not_type: 0
var count: 1
var NOTVAR: 0
[LINT] foo: unused variable
[LINT] bar: shadowed name
warnings: 2
[LINT] 2 warnings
after reset: 0
line ok: 1
line too long: 0
trailing ws: 1
no trailing ws: 0
PASS
