=== bars ===
[####      ] 2
[##########] 5
[######    ] 3
[##        ] 1
=== summary ===
min=1 max=5 sum=11 mean=2
=== hist ===
[##########] 5
[          ] 0
[##        ] 1
[####      ] 2
[####      ] 2
=== line ===
  *  
  ** 
 * * 
 *  *
*   *
=== scatter ===
....*
.....
..*..
.....
*....
=== heatmap ===
 -*@
-*@*
*@*-
@*- 
done